024-03-30 09:38:13,650 logger INFO Choose input path:E:/�����ѧ��/Python�߼��������_SEU/PFlowHeatmap/Images/Batch/heatmap
2024-03-30 09:38:17,837 logger INFO Choose input path:E:/�����ѧ��/Python�߼��������_SEU/PFlowHeatmap/Images/Batch/raw
2024-03-30 09:38:21,588 logger INFO Choose output path:E:/�����ѧ��/Python�߼��������_SEU/PFlowHeatmap/Images/Batch/heatmap
2024-03-30 09:38:23,511 logger INFO Heatmap generating...
2024-03-30 09:40:11,181 logger INFO Choose input path:E:/�����ѧ��/Python�߼��������_SEU/PFlowHeatmap/Images/Batch/heatmap
2024-03-30 09:40:13,369 logger INFO Choose output path:E:/�����ѧ��/Python�߼��������_SEU/PFlowHeatmap/Images/Batch/heatmap
2024-03-30 09:40:18,087 logger INFO Choose input path:E:/�����ѧ��/Python�߼��������_SEU/PFlowHeatmap/Images/Batch/raw
